host=tesla date=2026-05-26T14:26:20+02:00
GPU 0: Tesla T4 (UUID: GPU-fbb012eb-79c6-b92c-ed82-5dc63bc88217)
GPU 1: Tesla T4 (UUID: GPU-3432e811-6d1e-1b67-4bb3-bb4e971ffb47)
---
=== TIMING ===
>>> block (1024,1)
0;20000;20000;0.5;1024;1;1358193
1;20000;20000;0.5;1024;1;484680
2;20000;20000;0.5;1024;1;438284
3;20000;20000;0.5;1024;1;396912
4;20000;20000;0.5;1024;1;340208
>>> block (128,1)
0;20000;20000;0.5;128;1;1162864
1;20000;20000;0.5;128;1;529120
2;20000;20000;0.5;128;1;434654
3;20000;20000;0.5;128;1;336268
4;20000;20000;0.5;128;1;330400
>>> block (32,1)
0;20000;20000;0.5;32;1;1178572
1;20000;20000;0.5;32;1;547556
2;20000;20000;0.5;32;1;446806
3;20000;20000;0.5;32;1;352363
4;20000;20000;0.5;32;1;345770
>>> block (1,32)
0;20000;20000;0.5;1;32;1106736
1;20000;20000;0.5;1;32;367231
2;20000;20000;0.5;1;32;399859
3;20000;20000;0.5;1;32;316776
4;20000;20000;0.5;1;32;263768
>>> block (1,1)
0;20000;20000;0.5;1;1;3173384
1;20000;20000;0.5;1;1;2339125
2;20000;20000;0.5;1;1;2383631
3;20000;20000;0.5;1;1;2434833
4;20000;20000;0.5;1;1;2394677
=== PROFILING ===
>>> nvprof block (1024,1)
0;20000;20000;0.5;1024;1;1286270
  -> wrote prof_1024_1.txt
>>> nvprof block (128,1)
0;20000;20000;0.5;128;1;1271146
  -> wrote prof_128_1.txt
>>> nvprof block (32,1)
0;20000;20000;0.5;32;1;1289882
  -> wrote prof_32_1.txt
>>> nvprof block (1,32)
0;20000;20000;0.5;1;32;1217819
  -> wrote prof_1_32.txt
>>> nvprof block (1,1)
0;20000;20000;0.5;1;1;3302342
  -> wrote prof_1_1.txt
--- done ---
-rw-r--r-- 1 pc26s55 pc26s55 278 26. Mai 14:26 prof_1024_1.txt
-rw-r--r-- 1 pc26s55 pc26s55 272 26. Mai 14:26 prof_1_1.txt
-rw-r--r-- 1 pc26s55 pc26s55 276 26. Mai 14:26 prof_128_1.txt
-rw-r--r-- 1 pc26s55 pc26s55 274 26. Mai 14:26 prof_1_32.txt
-rw-r--r-- 1 pc26s55 pc26s55 274 26. Mai 14:26 prof_32_1.txt
-rw-r--r-- 1 pc26s55 pc26s55 161 26. Mai 14:26 task3_1024_1.csv
-rw-r--r-- 1 pc26s55 pc26s55 150 26. Mai 14:26 task3_1_1.csv
-rw-r--r-- 1 pc26s55 pc26s55 156 26. Mai 14:26 task3_128_1.csv
-rw-r--r-- 1 pc26s55 pc26s55 151 26. Mai 14:26 task3_1_32.csv
-rw-r--r-- 1 pc26s55 pc26s55 151 26. Mai 14:26 task3_32_1.csv
