host=tesla date=2026-05-26T14:31:15+02:00
>>> ncu block (1024,1)
0;20000;20000;0.5;1024;1;2682897
  -> done
>>> ncu block (128,1)
0;20000;20000;0.5;128;1;2491444
  -> done
>>> ncu block (32,1)
0;20000;20000;0.5;32;1;2561159
  -> done
>>> ncu block (1,32)
0;20000;20000;0.5;1;32;2520610
  -> done
>>> ncu block (1,1)
0;20000;20000;0.5;1;1;8222809

  -> done
--- done ---
-rw-r--r-- 1 pc26s55 pc26s55 1,1K 26. Mai 14:31 ncu_1024_1.txt
-rw-r--r-- 1 pc26s55 pc26s55 1,4K 26. Mai 14:31 ncu_1_1.txt
-rw-r--r-- 1 pc26s55 pc26s55 1,1K 26. Mai 14:31 ncu_128_1.txt
-rw-r--r-- 1 pc26s55 pc26s55 1,1K 26. Mai 14:31 ncu_1_32.txt
-rw-r--r-- 1 pc26s55 pc26s55 1,1K 26. Mai 14:31 ncu_32_1.txt
