host=tesla date=2026-05-26T14:20:57+02:00
GPU 0: Tesla T4 (UUID: GPU-fbb012eb-79c6-b92c-ed82-5dc63bc88217)
GPU 1: Tesla T4 (UUID: GPU-3432e811-6d1e-1b67-4bb3-bb4e971ffb47)
---
>>> resolution 1000x1000
  -> 0;1000;1000;0.5;-1;-1;357158
1;1000;1000;0.5;-1;-1;1255
2;1000;1000;0.5;-1;-1;1245
3;1000;1000;0.5;-1;-1;1233
4;1000;1000;0.5;-1;-1;1249
>>> resolution 2000x2000
  -> 0;2000;2000;0.5;-1;-1;252075
1;2000;2000;0.5;-1;-1;3315
2;2000;2000;0.5;-1;-1;3367
3;2000;2000;0.5;-1;-1;3195
4;2000;2000;0.5;-1;-1;3141
>>> resolution 4000x4000
  -> 0;4000;4000;0.5;-1;-1;267872
1;4000;4000;0.5;-1;-1;10956
2;4000;4000;0.5;-1;-1;10934
3;4000;4000;0.5;-1;-1;10910
4;4000;4000;0.5;-1;-1;10905
>>> resolution 8000x8000
  -> 0;8000;8000;0.5;-1;-1;373859
1;8000;8000;0.5;-1;-1;42091
2;8000;8000;0.5;-1;-1;41430
3;8000;8000;0.5;-1;-1;41391
4;8000;8000;0.5;-1;-1;41945
>>> resolution 16000x16000
  -> 0;16000;16000;0.5;-1;-1;761159
1;16000;16000;0.5;-1;-1;156803
2;16000;16000;0.5;-1;-1;159755
3;16000;16000;0.5;-1;-1;216462
4;16000;16000;0.5;-1;-1;240490
--- done ---
-rw-r--r-- 1 pc26s55 pc26s55 137 26. Mai 14:20 task2_1000.csv
-rw-r--r-- 1 pc26s55 pc26s55 155 26. Mai 14:21 task2_16000.csv
-rw-r--r-- 1 pc26s55 pc26s55 137 26. Mai 14:20 task2_2000.csv
-rw-r--r-- 1 pc26s55 pc26s55 141 26. Mai 14:20 task2_4000.csv
-rw-r--r-- 1 pc26s55 pc26s55 141 26. Mai 14:20 task2_8000.csv
