host=tesla date=2026-05-26T17:13:32+02:00
nproc=32  OMP_NUM_THREADS=32
GPU 0: Tesla T4 (UUID: GPU-fbb012eb-79c6-b92c-ed82-5dc63bc88217)
GPU 1: Tesla T4 (UUID: GPU-3432e811-6d1e-1b67-4bb3-bb4e971ffb47)
---
=== GPU (blocksize 1x32) ===
>>> GPU r=1000
0;1000;1000;0.5;1;32;359612
1;1000;1000;0.5;1;32;1510
2;1000;1000;0.5;1;32;1500
3;1000;1000;0.5;1;32;1492
4;1000;1000;0.5;1;32;1492
>>> GPU r=2000
0;2000;2000;0.5;1;32;268853
1;2000;2000;0.5;1;32;3756
2;2000;2000;0.5;1;32;3793
3;2000;2000;0.5;1;32;3634
4;2000;2000;0.5;1;32;3614
>>> GPU r=4000
0;4000;4000;0.5;1;32;278324
1;4000;4000;0.5;1;32;13053
2;4000;4000;0.5;1;32;12499
3;4000;4000;0.5;1;32;12468
4;4000;4000;0.5;1;32;12454
>>> GPU r=8000
0;8000;8000;0.5;1;32;391129
1;8000;8000;0.5;1;32;47474
2;8000;8000;0.5;1;32;46873
3;8000;8000;0.5;1;32;46304
4;8000;8000;0.5;1;32;46839
>>> GPU r=16000
0;16000;16000;0.5;1;32;813982
1;16000;16000;0.5;1;32;175321
2;16000;16000;0.5;1;32;217112
3;16000;16000;0.5;1;32;226695
4;16000;16000;0.5;1;32;272442
=== CPU (OMP_NUM_THREADS=32) ===
>>> CPU r=1000
0;1000;1000;0.5;-1;-1;80589
1;1000;1000;0.5;-1;-1;78674
2;1000;1000;0.5;-1;-1;78578
3;1000;1000;0.5;-1;-1;78580
4;1000;1000;0.5;-1;-1;78957
>>> CPU r=2000
0;2000;2000;0.5;-1;-1;314495
1;2000;2000;0.5;-1;-1;327402
2;2000;2000;0.5;-1;-1;313432
3;2000;2000;0.5;-1;-1;312844
4;2000;2000;0.5;-1;-1;312880
>>> CPU r=4000
0;4000;4000;0.5;-1;-1;1256120
1;4000;4000;0.5;-1;-1;1276097
2;4000;4000;0.5;-1;-1;1515965
3;4000;4000;0.5;-1;-1;1318196
4;4000;4000;0.5;-1;-1;1259784
>>> CPU r=8000
0;8000;8000;0.5;-1;-1;5027985
1;8000;8000;0.5;-1;-1;5886008
2;8000;8000;0.5;-1;-1;5064028
3;8000;8000;0.5;-1;-1;5025988
4;8000;8000;0.5;-1;-1;5022970
>>> CPU r=16000
0;16000;16000;0.5;-1;-1;20159206
1;16000;16000;0.5;-1;-1;21099537
2;16000;16000;0.5;-1;-1;20501558
3;16000;16000;0.5;-1;-1;20309551
4;16000;16000;0.5;-1;-1;20781471
--- done ---
-rw-r--r-- 1 pc26s55 pc26s55 140 26. Mai 17:13 task4_cpu_1000.csv
-rw-r--r-- 1 pc26s55 pc26s55 165 26. Mai 17:15 task4_cpu_16000.csv
-rw-r--r-- 1 pc26s55 pc26s55 145 26. Mai 17:13 task4_cpu_2000.csv
-rw-r--r-- 1 pc26s55 pc26s55 150 26. Mai 17:13 task4_cpu_4000.csv
-rw-r--r-- 1 pc26s55 pc26s55 150 26. Mai 17:14 task4_cpu_8000.csv
-rw-r--r-- 1 pc26s55 pc26s55 132 26. Mai 17:13 task4_gpu_1000.csv
-rw-r--r-- 1 pc26s55 pc26s55 150 26. Mai 17:13 task4_gpu_16000.csv
-rw-r--r-- 1 pc26s55 pc26s55 132 26. Mai 17:13 task4_gpu_2000.csv
-rw-r--r-- 1 pc26s55 pc26s55 136 26. Mai 17:13 task4_gpu_4000.csv
-rw-r--r-- 1 pc26s55 pc26s55 136 26. Mai 17:13 task4_gpu_8000.csv
